// Jest Snapshot v1, https://goo.gl/fbAQLP

exports[`<Accordion /> should render 1`] = `
.c0 {
  margin: 0 auto;
}

<Accordion
  className="c0"
>
  <Styled(AccordionPanel)
    isOpen={true}
    onOpen={[Function]}
    title="Panel title"
  >
    Panel content
  </Styled(AccordionPanel)>
</Accordion>
`;
